// Jest Snapshot v1, https://goo.gl/fbAQLP

exports[`Shift matches snapshot 1`] = `
<div
  className="testclass"
>
  Content stuff!
</div>
`;
