// Jest Snapshot v1, https://goo.gl/fbAQLP

exports[`Avatar with src prop matches snapshot 1`] = `undefined`;
